[ERROR] User:
  Reason: user "bob" is not a local Memo user
[OK] Silos
[OK] Networks
[OK] Leftovers
